
> server@1.0.0 dev
> nodemon src/index.ts

[33m[nodemon] 3.1.14[39m
[33m[nodemon] to restart at any time, enter `rs`[39m
[33m[nodemon] watching path(s): *.*[39m
[33m[nodemon] watching extensions: ts,json[39m
[32m[nodemon] starting `ts-node src/index.ts`[39m
◇ injected env (3) from .env // tip: ⌘ multiple files { path: ['.env.local', '.env'] }
🚀 Server running on http://localhost:3001
[32m[nodemon] clean exit - waiting for changes before restart[39m
[32m[nodemon] restarting due to changes...[39m
[32m[nodemon] starting `ts-node src/index.ts`[39m
◇ injected env (3) from .env // tip: ⌘ override existing { override: true }
🚀 Server running on http://localhost:3001
[32m[nodemon] clean exit - waiting for changes before restart[39m
[32m[nodemon] restarting due to changes...[39m
[32m[nodemon] starting `ts-node src/index.ts`[39m
◇ injected env (3) from .env // tip: ⌘ enable debugging { debug: true }
🚀 Server running on http://localhost:3001
[32m[nodemon] clean exit - waiting for changes before restart[39m
[32m[nodemon] restarting due to changes...[39m
[32m[nodemon] starting `ts-node src/index.ts`[39m
◇ injected env (3) from .env // tip: ⌁ auth for agents [www.vestauth.com]
🚀 Server running on http://localhost:3001
[32m[nodemon] clean exit - waiting for changes before restart[39m
[32m[nodemon] restarting due to changes...[39m
[32m[nodemon] starting `ts-node src/index.ts`[39m
◇ injected env (3) from .env // tip: ⌘ enable debugging { debug: true }
C:\Users\joshd\repos\campaign-share\server\node_modules\ts-node\src\index.ts:859
    return new TSError(diagnosticText, diagnosticCodes, diagnostics);
           ^
TSError: ⨯ Unable to compile TypeScript:
src/routes/nodes.ts(383,11): error TS2322: Type '"ARC" | "SESSION" | "CHARACTER" | "CREATURE" | "ITEM" | "LOCATION" | "NOTE" | "FACTION"' is not assignable to type 'NodeType'.
  Type '"FACTION"' is not assignable to type 'NodeType'.

    at createTSError (C:\Users\joshd\repos\campaign-share\server\node_modules\ts-node\src\index.ts:859:12)
    at reportTSError (C:\Users\joshd\repos\campaign-share\server\node_modules\ts-node\src\index.ts:863:19)
    at getOutput (C:\Users\joshd\repos\campaign-share\server\node_modules\ts-node\src\index.ts:1077:36)
    at Object.compile (C:\Users\joshd\repos\campaign-share\server\node_modules\ts-node\src\index.ts:1433:41)
    at Module.m._compile (C:\Users\joshd\repos\campaign-share\server\node_modules\ts-node\src\index.ts:1617:30)
    at Module._extensions..js (node:internal/modules/cjs/loader:1308:10)
    at Object.require.extensions.<computed> [as .ts] (C:\Users\joshd\repos\campaign-share\server\node_modules\ts-node\src\index.ts:1621:12)
    at Module.load (node:internal/modules/cjs/loader:1117:32)
    at Function.Module._load (node:internal/modules/cjs/loader:958:12)
    at Module.require (node:internal/modules/cjs/loader:1141:19) {
  diagnosticCodes: [ 2322 ]
}
[31m[nodemon] app crashed - waiting for file changes before starting...[39m
